[rl_agents.trainer.evaluation:INFO] Episode 0 score: -3.2 
[rl_agents.trainer.evaluation:INFO] Saved DQNAgent model to ../../output/intersection-v0/ego-attention/run_20251221-005400_77723/checkpoint-0.tar 
[rl_agents.trainer.evaluation:INFO] Episode 1 score: -1.0 
[rl_agents.trainer.evaluation:INFO] Saved DQNAgent model to ../../output/intersection-v0/ego-attention/run_20251221-005400_77723/checkpoint-1.tar 
[rl_agents.trainer.evaluation:INFO] Episode 2 score: 8.6 
[rl_agents.trainer.evaluation:INFO] Episode 3 score: -3.3 
[rl_agents.trainer.evaluation:INFO] Episode 4 score: 5.2 
[rl_agents.trainer.evaluation:INFO] Episode 5 score: 8.6 
[rl_agents.trainer.evaluation:INFO] Episode 6 score: 2.5 
[rl_agents.trainer.evaluation:INFO] Episode 7 score: 8.0 
[rl_agents.trainer.evaluation:INFO] Episode 8 score: -1.3 
[rl_agents.trainer.evaluation:INFO] Saved DQNAgent model to ../../output/intersection-v0/ego-attention/run_20251221-005400_77723/checkpoint-8.tar 
[rl_agents.trainer.evaluation:INFO] Episode 9 score: 5.6 
[rl_agents.trainer.evaluation:INFO] Episode 10 score: -2.0 
[rl_agents.trainer.evaluation:INFO] Episode 11 score: -2.4 
[rl_agents.trainer.evaluation:INFO] Episode 12 score: 6.2 
[rl_agents.trainer.evaluation:INFO] Episode 13 score: 8.6 
[rl_agents.trainer.evaluation:INFO] Episode 14 score: -1.4 
[rl_agents.trainer.evaluation:INFO] Episode 15 score: 5.6 
[rl_agents.trainer.evaluation:INFO] Episode 16 score: -3.5 
[rl_agents.trainer.evaluation:INFO] Episode 17 score: 0.0 
[rl_agents.trainer.evaluation:INFO] Episode 18 score: -2.4 
[rl_agents.trainer.evaluation:INFO] Episode 19 score: 9.0 
[rl_agents.trainer.evaluation:INFO] Episode 20 score: 2.2 
[rl_agents.trainer.evaluation:INFO] Episode 21 score: 2.5 
[rl_agents.trainer.evaluation:INFO] Episode 22 score: 1.1 
[rl_agents.trainer.evaluation:INFO] Episode 23 score: 1.6 
[rl_agents.trainer.evaluation:INFO] Episode 24 score: -3.0 
[rl_agents.trainer.evaluation:INFO] Episode 25 score: 0.0 
[rl_agents.trainer.evaluation:INFO] Episode 26 score: -2.3 
[rl_agents.trainer.evaluation:INFO] Episode 27 score: 1.0 
[rl_agents.trainer.evaluation:INFO] Saved DQNAgent model to ../../output/intersection-v0/ego-attention/run_20251221-005400_77723/checkpoint-27.tar 
[rl_agents.trainer.evaluation:INFO] Episode 28 score: -2.0 
[rl_agents.trainer.evaluation:INFO] Episode 29 score: 7.6 
[rl_agents.trainer.evaluation:INFO] Episode 30 score: 6.2 
[rl_agents.trainer.evaluation:INFO] Episode 31 score: -3.4 
[rl_agents.trainer.evaluation:INFO] Episode 32 score: -3.7 
[rl_agents.trainer.evaluation:INFO] Episode 33 score: -1.0 
[rl_agents.trainer.evaluation:INFO] Episode 34 score: 0.0 
[rl_agents.trainer.evaluation:INFO] Episode 35 score: 0.0 
[rl_agents.trainer.evaluation:INFO] Episode 36 score: -5.0 
[rl_agents.trainer.evaluation:INFO] Episode 37 score: 3.5 
[rl_agents.trainer.evaluation:INFO] Episode 38 score: 1.6 
[rl_agents.trainer.evaluation:INFO] Episode 39 score: -1.5 
[rl_agents.trainer.evaluation:INFO] Episode 40 score: 3.6 
[rl_agents.trainer.evaluation:INFO] Episode 41 score: 8.6 
[rl_agents.trainer.evaluation:INFO] Episode 42 score: 1.1 
[rl_agents.trainer.evaluation:INFO] Episode 43 score: 6.2 
[rl_agents.trainer.evaluation:INFO] Episode 44 score: 0.0 
[rl_agents.trainer.evaluation:INFO] Episode 45 score: -1.4 
[rl_agents.trainer.evaluation:INFO] Episode 46 score: 7.3 
[rl_agents.trainer.evaluation:INFO] Episode 47 score: 0.0 
[rl_agents.trainer.evaluation:INFO] Episode 48 score: 7.6 
[rl_agents.trainer.evaluation:INFO] Episode 49 score: 2.5 
[rl_agents.trainer.evaluation:INFO] Episode 50 score: -2.4 
[rl_agents.trainer.evaluation:INFO] Saved DQNAgent model to ../../output/intersection-v0/ego-attention/run_20251221-005400_77723/checkpoint-best.tar 
[rl_agents.trainer.evaluation:INFO] Episode 51 score: -3.4 
[rl_agents.trainer.evaluation:INFO] Episode 52 score: 9.0 
[rl_agents.trainer.evaluation:INFO] Episode 53 score: 5.0 
[rl_agents.trainer.evaluation:INFO] Episode 54 score: -5.0 
[rl_agents.trainer.evaluation:INFO] Episode 55 score: 10.0 
[rl_agents.trainer.evaluation:INFO] Episode 56 score: 7.2 
[rl_agents.trainer.evaluation:INFO] Episode 57 score: 3.5 
[rl_agents.trainer.evaluation:INFO] Episode 58 score: 2.5 
[rl_agents.trainer.evaluation:INFO] Episode 59 score: 3.5 
[rl_agents.trainer.evaluation:INFO] Episode 60 score: -3.4 
[rl_agents.trainer.evaluation:INFO] Episode 61 score: 7.0 
[rl_agents.trainer.evaluation:INFO] Episode 62 score: 4.6 
[rl_agents.trainer.evaluation:INFO] Episode 63 score: -2.7 
[rl_agents.trainer.evaluation:INFO] Episode 64 score: -1.4 
[rl_agents.trainer.evaluation:INFO] Saved DQNAgent model to ../../output/intersection-v0/ego-attention/run_20251221-005400_77723/checkpoint-64.tar 
[rl_agents.trainer.evaluation:INFO] Episode 65 score: 9.0 
[rl_agents.trainer.evaluation:INFO] Episode 66 score: -1.0 
[rl_agents.trainer.evaluation:INFO] Episode 67 score: 1.6 
[rl_agents.trainer.evaluation:INFO] Episode 68 score: -3.1 
[rl_agents.trainer.evaluation:INFO] Episode 69 score: 2.0 
[rl_agents.trainer.evaluation:INFO] Episode 70 score: 5.0 
[rl_agents.trainer.evaluation:INFO] Episode 71 score: 7.2 
[rl_agents.trainer.evaluation:INFO] Episode 72 score: -2.0 
[rl_agents.trainer.evaluation:INFO] Episode 73 score: -2.0 
[rl_agents.trainer.evaluation:INFO] Episode 74 score: 6.2 
[rl_agents.trainer.evaluation:INFO] Episode 75 score: 7.6 
[rl_agents.trainer.evaluation:INFO] Episode 76 score: -4.0 
[rl_agents.trainer.evaluation:INFO] Episode 77 score: 3.5 
[rl_agents.trainer.evaluation:INFO] Episode 78 score: -1.4 
[rl_agents.trainer.evaluation:INFO] Episode 79 score: 7.0 
[rl_agents.trainer.evaluation:INFO] Episode 80 score: 3.6 
[rl_agents.trainer.evaluation:INFO] Episode 81 score: -1.2 
[rl_agents.trainer.evaluation:INFO] Episode 82 score: 9.0 
[rl_agents.trainer.evaluation:INFO] Episode 83 score: -3.0 
[rl_agents.trainer.evaluation:INFO] Episode 84 score: -2.0 
[rl_agents.trainer.evaluation:INFO] Episode 85 score: -2.0 
[rl_agents.trainer.evaluation:INFO] Episode 86 score: -2.4 
[rl_agents.trainer.evaluation:INFO] Episode 87 score: -1.0 
[rl_agents.trainer.evaluation:INFO] Episode 88 score: 6.5 
[rl_agents.trainer.evaluation:INFO] Episode 89 score: -2.6 
[rl_agents.trainer.evaluation:INFO] Episode 90 score: -2.0 
[rl_agents.trainer.evaluation:INFO] Episode 91 score: 2.6 
[rl_agents.trainer.evaluation:INFO] Episode 92 score: -1.0 
[rl_agents.trainer.evaluation:INFO] Episode 93 score: 1.6 
[rl_agents.trainer.evaluation:INFO] Episode 94 score: 0.0 
[rl_agents.trainer.evaluation:INFO] Episode 95 score: 3.1 
[rl_agents.trainer.evaluation:INFO] Episode 96 score: 7.5 
[rl_agents.trainer.evaluation:INFO] Episode 97 score: 6.0 
[rl_agents.trainer.evaluation:INFO] Episode 98 score: 6.0 
[rl_agents.trainer.evaluation:INFO] Episode 99 score: 4.5 
[rl_agents.trainer.evaluation:INFO] Episode 100 score: 5.5 
[rl_agents.trainer.evaluation:INFO] Saved DQNAgent model to ../../output/intersection-v0/ego-attention/run_20251221-005400_77723/checkpoint-best.tar 
[rl_agents.trainer.evaluation:INFO] Episode 101 score: 0.0 
[rl_agents.trainer.evaluation:INFO] Episode 102 score: 7.2 
[rl_agents.trainer.evaluation:INFO] Episode 103 score: 7.2 
[rl_agents.trainer.evaluation:INFO] Episode 104 score: -1.3 
[rl_agents.trainer.evaluation:INFO] Episode 105 score: 1.0 
[rl_agents.trainer.evaluation:INFO] Episode 106 score: -2.8 
[rl_agents.trainer.evaluation:INFO] Episode 107 score: 1.5 
[rl_agents.trainer.evaluation:INFO] Episode 108 score: -2.5 
[rl_agents.trainer.evaluation:INFO] Episode 109 score: 4.3 
[rl_agents.trainer.evaluation:INFO] Episode 110 score: -3.0 
[rl_agents.trainer.evaluation:INFO] Episode 111 score: -2.4 
[rl_agents.trainer.evaluation:INFO] Episode 112 score: 0.5 
[rl_agents.trainer.evaluation:INFO] Episode 113 score: 7.5 
[rl_agents.trainer.evaluation:INFO] Episode 114 score: 0.0 
[rl_agents.trainer.evaluation:INFO] Episode 115 score: -4.0 
[rl_agents.trainer.evaluation:INFO] Episode 116 score: -2.3 
[rl_agents.trainer.evaluation:INFO] Episode 117 score: 6.2 
[rl_agents.trainer.evaluation:INFO] Episode 118 score: 7.6 
[rl_agents.trainer.evaluation:INFO] Episode 119 score: 10.0 
[rl_agents.trainer.evaluation:INFO] Episode 120 score: 2.6 
[rl_agents.trainer.evaluation:INFO] Episode 121 score: 2.5 
[rl_agents.trainer.evaluation:INFO] Episode 122 score: 7.0 
[rl_agents.trainer.evaluation:INFO] Episode 123 score: 7.5 
[rl_agents.trainer.evaluation:INFO] Episode 124 score: -1.4 
[rl_agents.trainer.evaluation:INFO] Episode 125 score: 5.5 
[rl_agents.trainer.evaluation:INFO] Saved DQNAgent model to ../../output/intersection-v0/ego-attention/run_20251221-005400_77723/checkpoint-125.tar 
[rl_agents.trainer.evaluation:INFO] Episode 126 score: 4.0 
[rl_agents.trainer.evaluation:INFO] Episode 127 score: 1.5 
[rl_agents.trainer.evaluation:INFO] Episode 128 score: 3.8 
[rl_agents.trainer.evaluation:INFO] Episode 129 score: 7.0 
[rl_agents.trainer.evaluation:INFO] Episode 130 score: -1.0 
[rl_agents.trainer.evaluation:INFO] Episode 131 score: -1.4 
[rl_agents.trainer.evaluation:INFO] Episode 132 score: -4.3 
[rl_agents.trainer.evaluation:INFO] Episode 133 score: 3.6 
[rl_agents.trainer.evaluation:INFO] Episode 134 score: -2.7 
[rl_agents.trainer.evaluation:INFO] Episode 135 score: 0.0 
[rl_agents.trainer.evaluation:INFO] Episode 136 score: -3.4 
[rl_agents.trainer.evaluation:INFO] Episode 137 score: 0.0 
[rl_agents.trainer.evaluation:INFO] Episode 138 score: 7.2 
[rl_agents.trainer.evaluation:INFO] Episode 139 score: 7.6 
[rl_agents.trainer.evaluation:INFO] Episode 140 score: -2.3 
[rl_agents.trainer.evaluation:INFO] Episode 141 score: 5.0 
[rl_agents.trainer.evaluation:INFO] Episode 142 score: 1.6 
[rl_agents.trainer.evaluation:INFO] Episode 143 score: 9.6 
[rl_agents.trainer.evaluation:INFO] Episode 144 score: 1.6 
[rl_agents.trainer.evaluation:INFO] Episode 145 score: 0.6 
[rl_agents.trainer.evaluation:INFO] Episode 146 score: 0.6 
[rl_agents.trainer.evaluation:INFO] Episode 147 score: 5.0 
[rl_agents.trainer.evaluation:INFO] Episode 148 score: 5.0 
[rl_agents.trainer.evaluation:INFO] Episode 149 score: -1.0 
[rl_agents.trainer.evaluation:INFO] Episode 150 score: 4.0 
[rl_agents.trainer.evaluation:INFO] Saved DQNAgent model to ../../output/intersection-v0/ego-attention/run_20251221-005400_77723/checkpoint-best.tar 
[rl_agents.trainer.evaluation:INFO] Episode 151 score: 2.5 
[rl_agents.trainer.evaluation:INFO] Episode 152 score: 8.0 
[rl_agents.trainer.evaluation:INFO] Episode 153 score: 2.6 
[rl_agents.trainer.evaluation:INFO] Episode 154 score: 4.3 
[rl_agents.trainer.evaluation:INFO] Episode 155 score: -2.3 
[rl_agents.trainer.evaluation:INFO] Episode 156 score: 7.5 
[rl_agents.trainer.evaluation:INFO] Episode 157 score: 4.5 
[rl_agents.trainer.evaluation:INFO] Episode 158 score: -2.0 
[rl_agents.trainer.evaluation:INFO] Episode 159 score: 1.0 
[rl_agents.trainer.evaluation:INFO] Episode 160 score: -2.0 
[rl_agents.trainer.evaluation:INFO] Episode 161 score: 3.6 
[rl_agents.trainer.evaluation:INFO] Episode 162 score: 7.6 
[rl_agents.trainer.evaluation:INFO] Episode 163 score: -0.3 
[rl_agents.trainer.evaluation:INFO] Episode 164 score: -2.0 
[rl_agents.trainer.evaluation:INFO] Episode 165 score: 3.0 
[rl_agents.trainer.evaluation:INFO] Episode 166 score: 0.0 
[rl_agents.trainer.evaluation:INFO] Episode 167 score: 7.5 
[rl_agents.trainer.evaluation:INFO] Episode 168 score: 6.9 
[rl_agents.trainer.evaluation:INFO] Episode 169 score: -2.4 
[rl_agents.trainer.evaluation:INFO] Episode 170 score: 8.0 
[rl_agents.trainer.evaluation:INFO] Episode 171 score: -1.4 
[rl_agents.trainer.evaluation:INFO] Episode 172 score: 7.6 
[rl_agents.trainer.evaluation:INFO] Episode 173 score: -1.7 
[rl_agents.trainer.evaluation:INFO] Episode 174 score: 4.2 
[rl_agents.trainer.evaluation:INFO] Episode 175 score: -2.4 
[rl_agents.trainer.evaluation:INFO] Episode 176 score: 5.0 
[rl_agents.trainer.evaluation:INFO] Episode 177 score: 6.6 
[rl_agents.trainer.evaluation:INFO] Episode 178 score: 6.6 
[rl_agents.trainer.evaluation:INFO] Episode 179 score: 7.3 
[rl_agents.trainer.evaluation:INFO] Episode 180 score: -3.4 
[rl_agents.trainer.evaluation:INFO] Episode 181 score: 10.0 
[rl_agents.trainer.evaluation:INFO] Episode 182 score: -2.0 
[rl_agents.trainer.evaluation:INFO] Episode 183 score: 3.6 
[rl_agents.trainer.evaluation:INFO] Episode 184 score: -1.0 
[rl_agents.trainer.evaluation:INFO] Episode 185 score: -3.3 
[rl_agents.trainer.evaluation:INFO] Episode 186 score: -1.0 
[rl_agents.trainer.evaluation:INFO] Episode 187 score: -3.8 
[rl_agents.trainer.evaluation:INFO] Episode 188 score: 1.5 
[rl_agents.trainer.evaluation:INFO] Episode 189 score: -2.0 
[rl_agents.trainer.evaluation:INFO] Episode 190 score: -3.4 
[rl_agents.trainer.evaluation:INFO] Episode 191 score: 7.6 
[rl_agents.trainer.evaluation:INFO] Episode 192 score: 3.6 
[rl_agents.trainer.evaluation:INFO] Episode 193 score: 1.2 
[rl_agents.trainer.evaluation:INFO] Episode 194 score: -2.4 
[rl_agents.trainer.evaluation:INFO] Episode 195 score: -1.2 
[rl_agents.trainer.evaluation:INFO] Episode 196 score: 2.2 
[rl_agents.trainer.evaluation:INFO] Episode 197 score: 6.3 
[rl_agents.trainer.evaluation:INFO] Episode 198 score: 2.6 
[rl_agents.trainer.evaluation:INFO] Episode 199 score: -4.4 
[rl_agents.trainer.evaluation:INFO] Episode 200 score: -3.0 
[rl_agents.trainer.evaluation:INFO] Episode 201 score: -1.0 
[rl_agents.trainer.evaluation:INFO] Episode 202 score: 3.0 
[rl_agents.trainer.evaluation:INFO] Episode 203 score: 0.0 
[rl_agents.trainer.evaluation:INFO] Episode 204 score: -1.4 
[rl_agents.trainer.evaluation:INFO] Episode 205 score: -1.0 
[rl_agents.trainer.evaluation:INFO] Episode 206 score: 1.7 
[rl_agents.trainer.evaluation:INFO] Episode 207 score: 6.6 
[rl_agents.trainer.evaluation:INFO] Episode 208 score: 6.2 
[rl_agents.trainer.evaluation:INFO] Episode 209 score: -2.0 
[rl_agents.trainer.evaluation:INFO] Episode 210 score: -1.3 
[rl_agents.trainer.evaluation:INFO] Episode 211 score: -3.4 
[rl_agents.trainer.evaluation:INFO] Episode 212 score: -2.5 
[rl_agents.trainer.evaluation:INFO] Episode 213 score: 2.5 
[rl_agents.trainer.evaluation:INFO] Episode 214 score: -3.0 
[rl_agents.trainer.evaluation:INFO] Episode 215 score: 4.0 
[rl_agents.trainer.evaluation:INFO] Episode 216 score: 5.2 
[rl_agents.trainer.evaluation:INFO] Saved DQNAgent model to ../../output/intersection-v0/ego-attention/run_20251221-005400_77723/checkpoint-216.tar 
[rl_agents.trainer.evaluation:INFO] Episode 217 score: -3.0 
[rl_agents.trainer.evaluation:INFO] Episode 218 score: 0.6 
[rl_agents.trainer.evaluation:INFO] Episode 219 score: 1.6 
[rl_agents.trainer.evaluation:INFO] Episode 220 score: -2.4 
[rl_agents.trainer.evaluation:INFO] Episode 221 score: -1.0 
[rl_agents.trainer.evaluation:INFO] Episode 222 score: 6.1 
[rl_agents.trainer.evaluation:INFO] Episode 223 score: 1.6 
[rl_agents.trainer.evaluation:INFO] Episode 224 score: 6.1 
[rl_agents.trainer.evaluation:INFO] Episode 225 score: 9.6 
[rl_agents.trainer.evaluation:INFO] Episode 226 score: 5.5 
[rl_agents.trainer.evaluation:INFO] Episode 227 score: -2.4 
[rl_agents.trainer.evaluation:INFO] Episode 228 score: 1.6 
[rl_agents.trainer.evaluation:INFO] Episode 229 score: -0.3 
[rl_agents.trainer.evaluation:INFO] Episode 230 score: 0.0 
[rl_agents.trainer.evaluation:INFO] Episode 231 score: -2.3 
[rl_agents.trainer.evaluation:INFO] Episode 232 score: 4.3 
[rl_agents.trainer.evaluation:INFO] Episode 233 score: -1.4 
[rl_agents.trainer.evaluation:INFO] Episode 234 score: -2.5 
[rl_agents.trainer.evaluation:INFO] Episode 235 score: 3.0 
[rl_agents.trainer.evaluation:INFO] Episode 236 score: 7.2 
[rl_agents.trainer.evaluation:INFO] Episode 237 score: -3.8 
[rl_agents.trainer.evaluation:INFO] Episode 238 score: -1.0 
[rl_agents.trainer.evaluation:INFO] Episode 239 score: 7.5 
[rl_agents.trainer.evaluation:INFO] Episode 240 score: -0.5 
[rl_agents.trainer.evaluation:INFO] Episode 241 score: -1.0 
[rl_agents.trainer.evaluation:INFO] Episode 242 score: 8.6 
[rl_agents.trainer.evaluation:INFO] Episode 243 score: -1.4 
[rl_agents.trainer.evaluation:INFO] Episode 244 score: 5.3 
[rl_agents.trainer.evaluation:INFO] Episode 245 score: 4.0 
[rl_agents.trainer.evaluation:INFO] Episode 246 score: -3.4 
[rl_agents.trainer.evaluation:INFO] Episode 247 score: 3.0 
[rl_agents.trainer.evaluation:INFO] Episode 248 score: 0.0 
[rl_agents.trainer.evaluation:INFO] Episode 249 score: 1.6 
[rl_agents.trainer.evaluation:INFO] Episode 250 score: -1.4 
[rl_agents.trainer.evaluation:INFO] Episode 251 score: 0.0 
[rl_agents.trainer.evaluation:INFO] Episode 252 score: -2.4 
[rl_agents.trainer.evaluation:INFO] Episode 253 score: 3.0 
[rl_agents.trainer.evaluation:INFO] Episode 254 score: -3.4 
[rl_agents.trainer.evaluation:INFO] Episode 255 score: 7.5 
[rl_agents.trainer.evaluation:INFO] Episode 256 score: 6.2 
[rl_agents.trainer.evaluation:INFO] Episode 257 score: 8.0 
[rl_agents.trainer.evaluation:INFO] Episode 258 score: 3.0 
[rl_agents.trainer.evaluation:INFO] Episode 259 score: -3.4 
[rl_agents.trainer.evaluation:INFO] Episode 260 score: -3.4 
[rl_agents.trainer.evaluation:INFO] Episode 261 score: 8.5 
[rl_agents.trainer.evaluation:INFO] Episode 262 score: 6.0 
[rl_agents.trainer.evaluation:INFO] Episode 263 score: -1.0 
[rl_agents.trainer.evaluation:INFO] Episode 264 score: -4.4 
[rl_agents.trainer.evaluation:INFO] Episode 265 score: 7.3 
[rl_agents.trainer.evaluation:INFO] Episode 266 score: 4.2 
[rl_agents.trainer.evaluation:INFO] Episode 267 score: 4.6 
[rl_agents.trainer.evaluation:INFO] Episode 268 score: -3.4 
[rl_agents.trainer.evaluation:INFO] Episode 269 score: -2.0 
[rl_agents.trainer.evaluation:INFO] Episode 270 score: 1.7 
[rl_agents.trainer.evaluation:INFO] Episode 271 score: 6.6 
[rl_agents.trainer.evaluation:INFO] Episode 272 score: 7.2 
[rl_agents.trainer.evaluation:INFO] Episode 273 score: -3.4 
[rl_agents.trainer.evaluation:INFO] Episode 274 score: -1.4 
[rl_agents.trainer.evaluation:INFO] Episode 275 score: -0.8 
[rl_agents.trainer.evaluation:INFO] Episode 276 score: 7.6 
[rl_agents.trainer.evaluation:INFO] Episode 277 score: 4.3 
[rl_agents.trainer.evaluation:INFO] Episode 278 score: -2.5 
[rl_agents.trainer.evaluation:INFO] Episode 279 score: 3.2 
[rl_agents.trainer.evaluation:INFO] Episode 280 score: 8.6 
[rl_agents.trainer.evaluation:INFO] Episode 281 score: 2.7 
[rl_agents.trainer.evaluation:INFO] Episode 282 score: -2.5 
[rl_agents.trainer.evaluation:INFO] Episode 283 score: 2.5 
[rl_agents.trainer.evaluation:INFO] Episode 284 score: 6.6 
[rl_agents.trainer.evaluation:INFO] Episode 285 score: -2.0 
[rl_agents.trainer.evaluation:INFO] Episode 286 score: -1.7 
[rl_agents.trainer.evaluation:INFO] Episode 287 score: 0.0 
[rl_agents.trainer.evaluation:INFO] Episode 288 score: 7.2 
[rl_agents.trainer.evaluation:INFO] Episode 289 score: 6.3 
[rl_agents.trainer.evaluation:INFO] Episode 290 score: -1.0 
[rl_agents.trainer.evaluation:INFO] Episode 291 score: 8.6 
[rl_agents.trainer.evaluation:INFO] Episode 292 score: -2.5 
[rl_agents.trainer.evaluation:INFO] Episode 293 score: -5.0 
[rl_agents.trainer.evaluation:INFO] Episode 294 score: 5.5 
[rl_agents.trainer.evaluation:INFO] Episode 295 score: 0.0 
[rl_agents.trainer.evaluation:INFO] Episode 296 score: 9.0 
[rl_agents.trainer.evaluation:INFO] Episode 297 score: 0.0 
[rl_agents.trainer.evaluation:INFO] Episode 298 score: 7.2 
[rl_agents.trainer.evaluation:INFO] Episode 299 score: 3.1 
[rl_agents.trainer.evaluation:INFO] Episode 300 score: 4.9 
[rl_agents.trainer.evaluation:INFO] Episode 301 score: 6.6 
[rl_agents.trainer.evaluation:INFO] Episode 302 score: -1.3 
[rl_agents.trainer.evaluation:INFO] Episode 303 score: 5.5 
[rl_agents.trainer.evaluation:INFO] Episode 304 score: 10.0 
[rl_agents.trainer.evaluation:INFO] Saved DQNAgent model to ../../output/intersection-v0/ego-attention/run_20251221-005400_77723/checkpoint-best.tar 
[rl_agents.trainer.evaluation:INFO] Episode 305 score: -2.7 
[rl_agents.trainer.evaluation:INFO] Episode 306 score: 0.0 
[rl_agents.trainer.evaluation:INFO] Episode 307 score: -2.3 
[rl_agents.trainer.evaluation:INFO] Episode 308 score: 0.0 
[rl_agents.trainer.evaluation:INFO] Episode 309 score: -5.0 
[rl_agents.trainer.evaluation:INFO] Episode 310 score: 7.1 
[rl_agents.trainer.evaluation:INFO] Episode 311 score: 6.5 
[rl_agents.trainer.evaluation:INFO] Episode 312 score: 6.1 
[rl_agents.trainer.evaluation:INFO] Episode 313 score: 5.9 
[rl_agents.trainer.evaluation:INFO] Episode 314 score: 5.9 
[rl_agents.trainer.evaluation:INFO] Episode 315 score: 1.2 
[rl_agents.trainer.evaluation:INFO] Episode 316 score: 5.0 
[rl_agents.trainer.evaluation:INFO] Episode 317 score: 8.5 
[rl_agents.trainer.evaluation:INFO] Episode 318 score: 10.0 
[rl_agents.trainer.evaluation:INFO] Episode 319 score: -1.2 
[rl_agents.trainer.evaluation:INFO] Episode 320 score: -1.0 
[rl_agents.trainer.evaluation:INFO] Episode 321 score: -2.4 
[rl_agents.trainer.evaluation:INFO] Episode 322 score: 6.0 
[rl_agents.trainer.evaluation:INFO] Episode 323 score: 4.5 
[rl_agents.trainer.evaluation:INFO] Episode 324 score: -1.4 
[rl_agents.trainer.evaluation:INFO] Episode 325 score: -0.3 
[rl_agents.trainer.evaluation:INFO] Episode 326 score: 8.6 
[rl_agents.trainer.evaluation:INFO] Episode 327 score: -1.0 
[rl_agents.trainer.evaluation:INFO] Episode 328 score: 9.0 
[rl_agents.trainer.evaluation:INFO] Episode 329 score: -2.5 
[rl_agents.trainer.evaluation:INFO] Episode 330 score: 6.0 
[rl_agents.trainer.evaluation:INFO] Episode 331 score: -0.3 
[rl_agents.trainer.evaluation:INFO] Episode 332 score: 0.6 
[rl_agents.trainer.evaluation:INFO] Episode 333 score: 7.6 
[rl_agents.trainer.evaluation:INFO] Episode 334 score: 5.2 
[rl_agents.trainer.evaluation:INFO] Episode 335 score: -1.4 
[rl_agents.trainer.evaluation:INFO] Episode 336 score: -1.0 
[rl_agents.trainer.evaluation:INFO] Episode 337 score: 7.2 
[rl_agents.trainer.evaluation:INFO] Episode 338 score: -3.0 
[rl_agents.trainer.evaluation:INFO] Episode 339 score: -2.4 
[rl_agents.trainer.evaluation:INFO] Episode 340 score: 7.5 
[rl_agents.trainer.evaluation:INFO] Episode 341 score: 7.3 
[rl_agents.trainer.evaluation:INFO] Episode 342 score: -2.4 
[rl_agents.trainer.evaluation:INFO] Episode 343 score: -3.0 
[rl_agents.trainer.evaluation:INFO] Saved DQNAgent model to ../../output/intersection-v0/ego-attention/run_20251221-005400_77723/checkpoint-343.tar 
[rl_agents.trainer.evaluation:INFO] Episode 344 score: -2.4 
[rl_agents.trainer.evaluation:INFO] Episode 345 score: -1.0 
[rl_agents.trainer.evaluation:INFO] Episode 346 score: -1.4 
[rl_agents.trainer.evaluation:INFO] Episode 347 score: 1.0 
[rl_agents.trainer.evaluation:INFO] Episode 348 score: -1.7 
[rl_agents.trainer.evaluation:INFO] Episode 349 score: 7.2 
[rl_agents.trainer.evaluation:INFO] Episode 350 score: -2.0 
[rl_agents.trainer.evaluation:INFO] Episode 351 score: -3.7 
[rl_agents.trainer.evaluation:INFO] Episode 352 score: 8.6 
[rl_agents.trainer.evaluation:INFO] Episode 353 score: 5.8 
[rl_agents.trainer.evaluation:INFO] Episode 354 score: 7.1 
[rl_agents.trainer.evaluation:INFO] Episode 355 score: 6.0 
[rl_agents.trainer.evaluation:INFO] Episode 356 score: -1.3 
[rl_agents.trainer.evaluation:INFO] Episode 357 score: 4.0 
[rl_agents.trainer.evaluation:INFO] Episode 358 score: 5.2 
[rl_agents.trainer.evaluation:INFO] Episode 359 score: 1.5 
[rl_agents.trainer.evaluation:INFO] Episode 360 score: -2.0 
[rl_agents.trainer.evaluation:INFO] Episode 361 score: 0.6 
[rl_agents.trainer.evaluation:INFO] Episode 362 score: -1.0 
[rl_agents.trainer.evaluation:INFO] Episode 363 score: 6.2 
[rl_agents.trainer.evaluation:INFO] Episode 364 score: 4.6 
[rl_agents.trainer.evaluation:INFO] Episode 365 score: 9.0 
[rl_agents.trainer.evaluation:INFO] Episode 366 score: -2.6 
[rl_agents.trainer.evaluation:INFO] Episode 367 score: -2.7 
[rl_agents.trainer.evaluation:INFO] Episode 368 score: -0.8 
[rl_agents.trainer.evaluation:INFO] Episode 369 score: -2.9 
[rl_agents.trainer.evaluation:INFO] Episode 370 score: -2.4 
[rl_agents.trainer.evaluation:INFO] Episode 371 score: 7.3 
[rl_agents.trainer.evaluation:INFO] Episode 372 score: 4.5 
[rl_agents.trainer.evaluation:INFO] Episode 373 score: -3.7 
[rl_agents.trainer.evaluation:INFO] Episode 374 score: -1.4 
[rl_agents.trainer.evaluation:INFO] Episode 375 score: -2.4 
[rl_agents.trainer.evaluation:INFO] Episode 376 score: -2.6 
[rl_agents.trainer.evaluation:INFO] Episode 377 score: 5.2 
[rl_agents.trainer.evaluation:INFO] Episode 378 score: -1.0 
[rl_agents.trainer.evaluation:INFO] Episode 379 score: 6.2 
[rl_agents.trainer.evaluation:INFO] Episode 380 score: 1.0 
[rl_agents.trainer.evaluation:INFO] Episode 381 score: -2.4 
[rl_agents.trainer.evaluation:INFO] Episode 382 score: -2.7 
[rl_agents.trainer.evaluation:INFO] Episode 383 score: -0.4 
[rl_agents.trainer.evaluation:INFO] Episode 384 score: 7.6 
[rl_agents.trainer.evaluation:INFO] Episode 385 score: 6.0 
[rl_agents.trainer.evaluation:INFO] Episode 386 score: 8.3 
[rl_agents.trainer.evaluation:INFO] Episode 387 score: 6.5 
[rl_agents.trainer.evaluation:INFO] Episode 388 score: -1.7 
[rl_agents.trainer.evaluation:INFO] Episode 389 score: -2.7 
[rl_agents.trainer.evaluation:INFO] Episode 390 score: 9.0 
[rl_agents.trainer.evaluation:INFO] Episode 391 score: 2.0 
[rl_agents.trainer.evaluation:INFO] Episode 392 score: -2.4 
[rl_agents.trainer.evaluation:INFO] Episode 393 score: 9.0 
[rl_agents.trainer.evaluation:INFO] Episode 394 score: 0.0 
[rl_agents.trainer.evaluation:INFO] Episode 395 score: -1.4 
[rl_agents.trainer.evaluation:INFO] Episode 396 score: -3.7 
[rl_agents.trainer.evaluation:INFO] Episode 397 score: 5.5 
[rl_agents.trainer.evaluation:INFO] Episode 398 score: 7.6 
[rl_agents.trainer.evaluation:INFO] Episode 399 score: -2.4 
[rl_agents.trainer.evaluation:INFO] Episode 400 score: 6.9 
[rl_agents.trainer.evaluation:INFO] Episode 401 score: -1.4 
[rl_agents.trainer.evaluation:INFO] Episode 402 score: 9.0 
[rl_agents.trainer.evaluation:INFO] Episode 403 score: -1.4 
[rl_agents.trainer.evaluation:INFO] Episode 404 score: 5.0 
[rl_agents.trainer.evaluation:INFO] Episode 405 score: 1.5 
[rl_agents.trainer.evaluation:INFO] Episode 406 score: 2.2 
[rl_agents.trainer.evaluation:INFO] Episode 407 score: -0.5 
[rl_agents.trainer.evaluation:INFO] Episode 408 score: 9.0 
[rl_agents.trainer.evaluation:INFO] Episode 409 score: 9.0 
[rl_agents.trainer.evaluation:INFO] Episode 410 score: -1.4 
[rl_agents.trainer.evaluation:INFO] Episode 411 score: 0.0 
[rl_agents.trainer.evaluation:INFO] Episode 412 score: 6.0 
[rl_agents.trainer.evaluation:INFO] Episode 413 score: 0.0 
[rl_agents.trainer.evaluation:INFO] Episode 414 score: 7.3 
[rl_agents.trainer.evaluation:INFO] Episode 415 score: 5.5 
[rl_agents.trainer.evaluation:INFO] Episode 416 score: 4.2 
[rl_agents.trainer.evaluation:INFO] Episode 417 score: 0.0 
[rl_agents.trainer.evaluation:INFO] Episode 418 score: 5.6 
[rl_agents.trainer.evaluation:INFO] Episode 419 score: -1.0 
[rl_agents.trainer.evaluation:INFO] Episode 420 score: -3.3 
[rl_agents.trainer.evaluation:INFO] Episode 421 score: -1.5 
[rl_agents.trainer.evaluation:INFO] Episode 422 score: 0.0 
[rl_agents.trainer.evaluation:INFO] Episode 423 score: 2.5 
[rl_agents.trainer.evaluation:INFO] Episode 424 score: -2.7 
[rl_agents.trainer.evaluation:INFO] Episode 425 score: -4.5 
[rl_agents.trainer.evaluation:INFO] Episode 426 score: -4.5 
[rl_agents.trainer.evaluation:INFO] Episode 427 score: 2.0 
[rl_agents.trainer.evaluation:INFO] Episode 428 score: -5.0 
[rl_agents.trainer.evaluation:INFO] Episode 429 score: -1.4 
[rl_agents.trainer.evaluation:INFO] Episode 430 score: -4.0 
[rl_agents.trainer.evaluation:INFO] Episode 431 score: 1.5 
[rl_agents.trainer.evaluation:INFO] Episode 432 score: -1.4 
[rl_agents.trainer.evaluation:INFO] Episode 433 score: -2.0 
[rl_agents.trainer.evaluation:INFO] Episode 434 score: 9.0 
[rl_agents.trainer.evaluation:INFO] Episode 435 score: -1.4 
[rl_agents.trainer.evaluation:INFO] Episode 436 score: 6.7 
[rl_agents.trainer.evaluation:INFO] Episode 437 score: 4.6 
[rl_agents.trainer.evaluation:INFO] Episode 438 score: -2.0 
[rl_agents.trainer.evaluation:INFO] Episode 439 score: -2.4 
[rl_agents.trainer.evaluation:INFO] Episode 440 score: -0.4 
[rl_agents.trainer.evaluation:INFO] Episode 441 score: -3.4 
[rl_agents.trainer.evaluation:INFO] Episode 442 score: -1.4 
[rl_agents.trainer.evaluation:INFO] Episode 443 score: -1.4 
[rl_agents.trainer.evaluation:INFO] Episode 444 score: 1.6 
[rl_agents.trainer.evaluation:INFO] Episode 445 score: 7.3 
[rl_agents.trainer.evaluation:INFO] Episode 446 score: -1.5 
[rl_agents.trainer.evaluation:INFO] Episode 447 score: 0.6 
[rl_agents.trainer.evaluation:INFO] Episode 448 score: 8.2 
[rl_agents.trainer.evaluation:INFO] Episode 449 score: -2.4 
[rl_agents.trainer.evaluation:INFO] Episode 450 score: 8.6 
[rl_agents.trainer.evaluation:INFO] Episode 451 score: 9.0 
[rl_agents.trainer.evaluation:INFO] Episode 452 score: 2.5 
[rl_agents.trainer.evaluation:INFO] Episode 453 score: 0.0 
[rl_agents.trainer.evaluation:INFO] Episode 454 score: 6.5 
[rl_agents.trainer.evaluation:INFO] Episode 455 score: 6.3 
[rl_agents.trainer.evaluation:INFO] Episode 456 score: 8.6 
[rl_agents.trainer.evaluation:INFO] Episode 457 score: -2.4 
[rl_agents.trainer.evaluation:INFO] Episode 458 score: -0.8 
[rl_agents.trainer.evaluation:INFO] Episode 459 score: 5.3 
[rl_agents.trainer.evaluation:INFO] Episode 460 score: -2.5 
[rl_agents.trainer.evaluation:INFO] Episode 461 score: -2.4 
[rl_agents.trainer.evaluation:INFO] Episode 462 score: 0.0 
[rl_agents.trainer.evaluation:INFO] Episode 463 score: -3.4 
[rl_agents.trainer.evaluation:INFO] Episode 464 score: -1.7 
[rl_agents.trainer.evaluation:INFO] Episode 465 score: 1.0 
[rl_agents.trainer.evaluation:INFO] Episode 466 score: -2.4 
[rl_agents.trainer.evaluation:INFO] Episode 467 score: 5.9 
[rl_agents.trainer.evaluation:INFO] Episode 468 score: 7.0 
[rl_agents.trainer.evaluation:INFO] Episode 469 score: 7.5 
[rl_agents.trainer.evaluation:INFO] Episode 470 score: -2.0 
[rl_agents.trainer.evaluation:INFO] Episode 471 score: 0.5 
[rl_agents.trainer.evaluation:INFO] Episode 472 score: 1.0 
[rl_agents.trainer.evaluation:INFO] Episode 473 score: -2.8 
[rl_agents.trainer.evaluation:INFO] Episode 474 score: 2.9 
[rl_agents.trainer.evaluation:INFO] Episode 475 score: -1.0 
[rl_agents.trainer.evaluation:INFO] Episode 476 score: 7.0 
[rl_agents.trainer.evaluation:INFO] Episode 477 score: 4.7 
[rl_agents.trainer.evaluation:INFO] Episode 478 score: -1.0 
[rl_agents.trainer.evaluation:INFO] Episode 479 score: 8.6 
[rl_agents.trainer.evaluation:INFO] Episode 480 score: 7.6 
[rl_agents.trainer.evaluation:INFO] Episode 481 score: 8.6 
[rl_agents.trainer.evaluation:INFO] Episode 482 score: 7.5 
[rl_agents.trainer.evaluation:INFO] Episode 483 score: 1.2 
[rl_agents.trainer.evaluation:INFO] Episode 484 score: 6.3 
[rl_agents.trainer.evaluation:INFO] Episode 485 score: -1.0 
[rl_agents.trainer.evaluation:INFO] Episode 486 score: -3.4 
[rl_agents.trainer.evaluation:INFO] Episode 487 score: -0.7 
[rl_agents.trainer.evaluation:INFO] Episode 488 score: -1.0 
[rl_agents.trainer.evaluation:INFO] Episode 489 score: -1.0 
[rl_agents.trainer.evaluation:INFO] Episode 490 score: 6.5 
[rl_agents.trainer.evaluation:INFO] Episode 491 score: -1.4 
[rl_agents.trainer.evaluation:INFO] Episode 492 score: 7.6 
[rl_agents.trainer.evaluation:INFO] Episode 493 score: -0.8 
[rl_agents.trainer.evaluation:INFO] Episode 494 score: -2.0 
[rl_agents.trainer.evaluation:INFO] Episode 495 score: -1.4 
[rl_agents.trainer.evaluation:INFO] Episode 496 score: -1.7 
[rl_agents.trainer.evaluation:INFO] Episode 497 score: 6.6 
[rl_agents.trainer.evaluation:INFO] Episode 498 score: -5.0 
[rl_agents.trainer.evaluation:INFO] Episode 499 score: 9.0 
[rl_agents.trainer.evaluation:INFO] Episode 500 score: -2.5 
[rl_agents.trainer.evaluation:INFO] Episode 501 score: 7.0 
[rl_agents.trainer.evaluation:INFO] Episode 502 score: 5.1 
[rl_agents.trainer.evaluation:INFO] Episode 503 score: 7.6 
[rl_agents.trainer.evaluation:INFO] Episode 504 score: 0.0 
[rl_agents.trainer.evaluation:INFO] Episode 505 score: -1.8 
[rl_agents.trainer.evaluation:INFO] Episode 506 score: 1.0 
[rl_agents.trainer.evaluation:INFO] Episode 507 score: -1.3 
[rl_agents.trainer.evaluation:INFO] Episode 508 score: -3.0 
[rl_agents.trainer.evaluation:INFO] Episode 509 score: -2.5 
[rl_agents.trainer.evaluation:INFO] Episode 510 score: -1.4 
[rl_agents.trainer.evaluation:INFO] Episode 511 score: 3.1 
[rl_agents.trainer.evaluation:INFO] Episode 512 score: -1.3 
[rl_agents.trainer.evaluation:INFO] Saved DQNAgent model to ../../output/intersection-v0/ego-attention/run_20251221-005400_77723/checkpoint-512.tar 
[rl_agents.trainer.evaluation:INFO] Episode 513 score: 1.0 
[rl_agents.trainer.evaluation:INFO] Episode 514 score: -1.0 
[rl_agents.trainer.evaluation:INFO] Episode 515 score: -2.5 
[rl_agents.trainer.evaluation:INFO] Episode 516 score: -2.4 
[rl_agents.trainer.evaluation:INFO] Episode 517 score: -0.7 
[rl_agents.trainer.evaluation:INFO] Episode 518 score: 4.0 
[rl_agents.trainer.evaluation:INFO] Episode 519 score: 7.6 
[rl_agents.trainer.evaluation:INFO] Episode 520 score: 4.6 
[rl_agents.trainer.evaluation:INFO] Episode 521 score: -2.4 
[rl_agents.trainer.evaluation:INFO] Episode 522 score: 1.7 
[rl_agents.trainer.evaluation:INFO] Episode 523 score: -1.3 
[rl_agents.trainer.evaluation:INFO] Episode 524 score: -2.7 
[rl_agents.trainer.evaluation:INFO] Episode 525 score: -1.4 
[rl_agents.trainer.evaluation:INFO] Episode 526 score: -2.4 
[rl_agents.trainer.evaluation:INFO] Episode 527 score: 9.0 
[rl_agents.trainer.evaluation:INFO] Episode 528 score: 10.0 
[rl_agents.trainer.evaluation:INFO] Episode 529 score: 0.0 
[rl_agents.trainer.evaluation:INFO] Episode 530 score: -2.4 
[rl_agents.trainer.evaluation:INFO] Episode 531 score: 5.6 
[rl_agents.trainer.evaluation:INFO] Episode 532 score: 2.0 
[rl_agents.trainer.evaluation:INFO] Episode 533 score: 8.0 
[rl_agents.trainer.evaluation:INFO] Episode 534 score: 4.9 
[rl_agents.trainer.evaluation:INFO] Episode 535 score: 5.2 
[rl_agents.trainer.evaluation:INFO] Episode 536 score: 9.0 
[rl_agents.trainer.evaluation:INFO] Episode 537 score: 7.0 
[rl_agents.trainer.evaluation:INFO] Episode 538 score: -2.0 
[rl_agents.trainer.evaluation:INFO] Episode 539 score: 0.0 
[rl_agents.trainer.evaluation:INFO] Episode 540 score: -2.3 
[rl_agents.trainer.evaluation:INFO] Episode 541 score: 4.0 
[rl_agents.trainer.evaluation:INFO] Episode 542 score: 7.2 
[rl_agents.trainer.evaluation:INFO] Episode 543 score: -2.4 
[rl_agents.trainer.evaluation:INFO] Episode 544 score: 9.0 
[rl_agents.trainer.evaluation:INFO] Episode 545 score: -1.5 
[rl_agents.trainer.evaluation:INFO] Episode 546 score: -2.4 
[rl_agents.trainer.evaluation:INFO] Episode 547 score: -0.4 
[rl_agents.trainer.evaluation:INFO] Episode 548 score: 5.2 
[rl_agents.trainer.evaluation:INFO] Episode 549 score: 7.6 
[rl_agents.trainer.evaluation:INFO] Episode 550 score: -2.4 
[rl_agents.trainer.evaluation:INFO] Episode 551 score: 8.3 
[rl_agents.trainer.evaluation:INFO] Episode 552 score: 2.2 
[rl_agents.trainer.evaluation:INFO] Episode 553 score: 8.6 
[rl_agents.trainer.evaluation:INFO] Episode 554 score: -1.0 
[rl_agents.trainer.evaluation:INFO] Episode 555 score: 9.0 
[rl_agents.trainer.evaluation:INFO] Episode 556 score: -1.0 
[rl_agents.trainer.evaluation:INFO] Episode 557 score: 7.6 
[rl_agents.trainer.evaluation:INFO] Episode 558 score: -2.0 
[rl_agents.trainer.evaluation:INFO] Episode 559 score: 7.2 
[rl_agents.trainer.evaluation:INFO] Episode 560 score: 7.2 
[rl_agents.trainer.evaluation:INFO] Episode 561 score: 7.6 
[rl_agents.trainer.evaluation:INFO] Episode 562 score: -1.0 
[rl_agents.trainer.evaluation:INFO] Episode 563 score: -1.8 
[rl_agents.trainer.evaluation:INFO] Episode 564 score: 1.5 
[rl_agents.trainer.evaluation:INFO] Episode 565 score: 4.7 
[rl_agents.trainer.evaluation:INFO] Episode 566 score: 5.9 
[rl_agents.trainer.evaluation:INFO] Episode 567 score: -0.4 
[rl_agents.trainer.evaluation:INFO] Episode 568 score: 7.6 
[rl_agents.trainer.evaluation:INFO] Episode 569 score: -1.6 
[rl_agents.trainer.evaluation:INFO] Episode 570 score: 7.6 
[rl_agents.trainer.evaluation:INFO] Episode 571 score: -3.0 
[rl_agents.trainer.evaluation:INFO] Episode 572 score: -1.0 
[rl_agents.trainer.evaluation:INFO] Episode 573 score: 0.0 
[rl_agents.trainer.evaluation:INFO] Episode 574 score: 8.6 
[rl_agents.trainer.evaluation:INFO] Episode 575 score: -2.5 
[rl_agents.trainer.evaluation:INFO] Episode 576 score: -3.4 
[rl_agents.trainer.evaluation:INFO] Episode 577 score: -1.4 
[rl_agents.trainer.evaluation:INFO] Episode 578 score: -1.4 
[rl_agents.trainer.evaluation:INFO] Episode 579 score: -1.4 
[rl_agents.trainer.evaluation:INFO] Episode 580 score: 9.0 
[rl_agents.trainer.evaluation:INFO] Episode 581 score: -1.7 
[rl_agents.trainer.evaluation:INFO] Episode 582 score: 6.5 
[rl_agents.trainer.evaluation:INFO] Episode 583 score: -0.3 
[rl_agents.trainer.evaluation:INFO] Episode 584 score: -0.8 
[rl_agents.trainer.evaluation:INFO] Episode 585 score: 2.9 
[rl_agents.trainer.evaluation:INFO] Episode 586 score: 3.6 
[rl_agents.trainer.evaluation:INFO] Episode 587 score: 7.2 
[rl_agents.trainer.evaluation:INFO] Episode 588 score: 3.0 
[rl_agents.trainer.evaluation:INFO] Episode 589 score: -2.0 
[rl_agents.trainer.evaluation:INFO] Episode 590 score: 7.6 
[rl_agents.trainer.evaluation:INFO] Episode 591 score: -2.7 
[rl_agents.trainer.evaluation:INFO] Episode 592 score: -1.4 
[rl_agents.trainer.evaluation:INFO] Episode 593 score: 8.3 
[rl_agents.trainer.evaluation:INFO] Episode 594 score: 4.3 
[rl_agents.trainer.evaluation:INFO] Episode 595 score: 6.6 
[rl_agents.trainer.evaluation:INFO] Episode 596 score: -2.5 
[rl_agents.trainer.evaluation:INFO] Episode 597 score: -3.8 
[rl_agents.trainer.evaluation:INFO] Episode 598 score: 6.3 
[rl_agents.trainer.evaluation:INFO] Episode 599 score: 7.6 
[rl_agents.trainer.evaluation:INFO] Episode 600 score: 7.6 
[rl_agents.trainer.evaluation:INFO] Episode 601 score: -2.4 
[rl_agents.trainer.evaluation:INFO] Episode 602 score: -1.0 
[rl_agents.trainer.evaluation:INFO] Episode 603 score: 2.0 
[rl_agents.trainer.evaluation:INFO] Episode 604 score: 6.1 
[rl_agents.trainer.evaluation:INFO] Episode 605 score: 2.0 
[rl_agents.trainer.evaluation:INFO] Episode 606 score: -1.0 
[rl_agents.trainer.evaluation:INFO] Episode 607 score: 0.0 
[rl_agents.trainer.evaluation:INFO] Episode 608 score: -4.5 
[rl_agents.trainer.evaluation:INFO] Episode 609 score: 3.2 
[rl_agents.trainer.evaluation:INFO] Episode 610 score: -2.4 
[rl_agents.trainer.evaluation:INFO] Episode 611 score: 0.1 
[rl_agents.trainer.evaluation:INFO] Episode 612 score: 3.5 
[rl_agents.trainer.evaluation:INFO] Episode 613 score: 0.0 
[rl_agents.trainer.evaluation:INFO] Episode 614 score: 2.2 
[rl_agents.trainer.evaluation:INFO] Episode 615 score: -1.4 
[rl_agents.trainer.evaluation:INFO] Episode 616 score: 8.7 
[rl_agents.trainer.evaluation:INFO] Episode 617 score: 3.0 
[rl_agents.trainer.evaluation:INFO] Episode 618 score: 7.6 
[rl_agents.trainer.evaluation:INFO] Episode 619 score: -2.4 
[rl_agents.trainer.evaluation:INFO] Episode 620 score: 0.0 
[rl_agents.trainer.evaluation:INFO] Episode 621 score: 0.0 
[rl_agents.trainer.evaluation:INFO] Episode 622 score: -1.7 
[rl_agents.trainer.evaluation:INFO] Episode 623 score: 3.0 
[rl_agents.trainer.evaluation:INFO] Episode 624 score: -1.4 
[rl_agents.trainer.evaluation:INFO] Episode 625 score: -1.0 
[rl_agents.trainer.evaluation:INFO] Episode 626 score: 9.6 
[rl_agents.trainer.evaluation:INFO] Episode 627 score: -0.4 
[rl_agents.trainer.evaluation:INFO] Episode 628 score: 4.0 
[rl_agents.trainer.evaluation:INFO] Episode 629 score: 7.6 
[rl_agents.trainer.evaluation:INFO] Episode 630 score: -1.3 
[rl_agents.trainer.evaluation:INFO] Episode 631 score: -1.4 
[rl_agents.trainer.evaluation:INFO] Episode 632 score: -1.4 
[rl_agents.trainer.evaluation:INFO] Episode 633 score: -1.3 
[rl_agents.trainer.evaluation:INFO] Episode 634 score: 7.6 
[rl_agents.trainer.evaluation:INFO] Episode 635 score: -1.8 
[rl_agents.trainer.evaluation:INFO] Episode 636 score: 6.0 
[rl_agents.trainer.evaluation:INFO] Episode 637 score: 0.0 
[rl_agents.trainer.evaluation:INFO] Episode 638 score: 0.0 
[rl_agents.trainer.evaluation:INFO] Episode 639 score: 7.3 
[rl_agents.trainer.evaluation:INFO] Episode 640 score: 7.0 
[rl_agents.trainer.evaluation:INFO] Episode 641 score: 5.9 
[rl_agents.trainer.evaluation:INFO] Episode 642 score: -1.0 
[rl_agents.trainer.evaluation:INFO] Episode 643 score: 6.5 
[rl_agents.trainer.evaluation:INFO] Episode 644 score: 7.6 
[rl_agents.trainer.evaluation:INFO] Episode 645 score: 3.2 
[rl_agents.trainer.evaluation:INFO] Episode 646 score: 7.6 
[rl_agents.trainer.evaluation:INFO] Episode 647 score: 6.5 
[rl_agents.trainer.evaluation:INFO] Episode 648 score: 5.9 
[rl_agents.trainer.evaluation:INFO] Episode 649 score: -5.0 
[rl_agents.trainer.evaluation:INFO] Episode 650 score: 2.5 
[rl_agents.trainer.evaluation:INFO] Episode 651 score: 6.1 
[rl_agents.trainer.evaluation:INFO] Episode 652 score: 0.0 
[rl_agents.trainer.evaluation:INFO] Episode 653 score: -2.0 
[rl_agents.trainer.evaluation:INFO] Episode 654 score: 8.6 
[rl_agents.trainer.evaluation:INFO] Episode 655 score: 5.8 
[rl_agents.trainer.evaluation:INFO] Episode 656 score: -4.3 
[rl_agents.trainer.evaluation:INFO] Episode 657 score: 3.0 
[rl_agents.trainer.evaluation:INFO] Episode 658 score: -1.0 
[rl_agents.trainer.evaluation:INFO] Episode 659 score: 9.0 
[rl_agents.trainer.evaluation:INFO] Episode 660 score: 0.2 
[rl_agents.trainer.evaluation:INFO] Episode 661 score: -2.0 
[rl_agents.trainer.evaluation:INFO] Episode 662 score: 9.0 
[rl_agents.trainer.evaluation:INFO] Episode 663 score: 1.0 
[rl_agents.trainer.evaluation:INFO] Episode 664 score: 9.0 
[rl_agents.trainer.evaluation:INFO] Saved DQNAgent model to ../../output/intersection-v0/ego-attention/run_20251221-005400_77723/checkpoint-best.tar 
[rl_agents.trainer.evaluation:INFO] Episode 665 score: -2.0 
[rl_agents.trainer.evaluation:INFO] Episode 666 score: 2.0 
[rl_agents.trainer.evaluation:INFO] Episode 667 score: 1.0 
[rl_agents.trainer.evaluation:INFO] Episode 668 score: 4.9 
[rl_agents.trainer.evaluation:INFO] Episode 669 score: 9.0 
[rl_agents.trainer.evaluation:INFO] Episode 670 score: 10.0 
[rl_agents.trainer.evaluation:INFO] Episode 671 score: -0.4 
[rl_agents.trainer.evaluation:INFO] Episode 672 score: 7.6 
[rl_agents.trainer.evaluation:INFO] Episode 673 score: -1.0 
[rl_agents.trainer.evaluation:INFO] Episode 674 score: 7.5 
[rl_agents.trainer.evaluation:INFO] Episode 675 score: -2.7 
[rl_agents.trainer.evaluation:INFO] Episode 676 score: 6.2 
[rl_agents.trainer.evaluation:INFO] Episode 677 score: -1.7 
[rl_agents.trainer.evaluation:INFO] Episode 678 score: -1.4 
[rl_agents.trainer.evaluation:INFO] Episode 679 score: 7.6 
[rl_agents.trainer.evaluation:INFO] Episode 680 score: -1.0 
[rl_agents.trainer.evaluation:INFO] Episode 681 score: -1.5 
[rl_agents.trainer.evaluation:INFO] Episode 682 score: -1.4 
[rl_agents.trainer.evaluation:INFO] Episode 683 score: 0.0 
[rl_agents.trainer.evaluation:INFO] Episode 684 score: -2.4 
[rl_agents.trainer.evaluation:INFO] Episode 685 score: -1.4 
[rl_agents.trainer.evaluation:INFO] Episode 686 score: 0.7 
[rl_agents.trainer.evaluation:INFO] Episode 687 score: -2.0 
[rl_agents.trainer.evaluation:INFO] Episode 688 score: -2.3 
[rl_agents.trainer.evaluation:INFO] Episode 689 score: 10.0 
[rl_agents.trainer.evaluation:INFO] Episode 690 score: 9.0 
[rl_agents.trainer.evaluation:INFO] Episode 691 score: -1.4 
[rl_agents.trainer.evaluation:INFO] Episode 692 score: -1.0 
[rl_agents.trainer.evaluation:INFO] Episode 693 score: 9.0 
[rl_agents.trainer.evaluation:INFO] Episode 694 score: -2.0 
[rl_agents.trainer.evaluation:INFO] Episode 695 score: 6.0 
[rl_agents.trainer.evaluation:INFO] Episode 696 score: -1.0 
[rl_agents.trainer.evaluation:INFO] Episode 697 score: -0.6 
[rl_agents.trainer.evaluation:INFO] Episode 698 score: -2.4 
[rl_agents.trainer.evaluation:INFO] Episode 699 score: -3.7 
[rl_agents.trainer.evaluation:INFO] Episode 700 score: -1.0 
[rl_agents.trainer.evaluation:INFO] Episode 701 score: -1.4 
[rl_agents.trainer.evaluation:INFO] Episode 702 score: 9.0 
[rl_agents.trainer.evaluation:INFO] Episode 703 score: -1.4 
[rl_agents.trainer.evaluation:INFO] Episode 704 score: -0.6 
[rl_agents.trainer.evaluation:INFO] Episode 705 score: 10.0 
[rl_agents.trainer.evaluation:INFO] Episode 706 score: -2.6 
[rl_agents.trainer.evaluation:INFO] Episode 707 score: 7.2 
[rl_agents.trainer.evaluation:INFO] Episode 708 score: 4.5 
[rl_agents.trainer.evaluation:INFO] Episode 709 score: 9.0 
[rl_agents.trainer.evaluation:INFO] Episode 710 score: -2.4 
[rl_agents.trainer.evaluation:INFO] Episode 711 score: -0.4 
[rl_agents.trainer.evaluation:INFO] Episode 712 score: -5.0 
[rl_agents.trainer.evaluation:INFO] Episode 713 score: 5.6 
[rl_agents.trainer.evaluation:INFO] Episode 714 score: -2.0 
[rl_agents.trainer.evaluation:INFO] Episode 715 score: 1.0 
[rl_agents.trainer.evaluation:INFO] Episode 716 score: 7.2 
[rl_agents.trainer.evaluation:INFO] Episode 717 score: 7.5 
[rl_agents.trainer.evaluation:INFO] Episode 718 score: 0.0 
[rl_agents.trainer.evaluation:INFO] Episode 719 score: 0.0 
[rl_agents.trainer.evaluation:INFO] Episode 720 score: 6.6 
[rl_agents.trainer.evaluation:INFO] Episode 721 score: -1.0 
[rl_agents.trainer.evaluation:INFO] Episode 722 score: -1.4 
[rl_agents.trainer.evaluation:INFO] Episode 723 score: -1.0 
[rl_agents.trainer.evaluation:INFO] Episode 724 score: 9.0 
[rl_agents.trainer.evaluation:INFO] Episode 725 score: 0.0 
[rl_agents.trainer.evaluation:INFO] Episode 726 score: 9.0 
[rl_agents.trainer.evaluation:INFO] Episode 727 score: 7.2 
[rl_agents.trainer.evaluation:INFO] Episode 728 score: 1.3 
[rl_agents.trainer.evaluation:INFO] Episode 729 score: 7.6 
[rl_agents.trainer.evaluation:INFO] Saved DQNAgent model to ../../output/intersection-v0/ego-attention/run_20251221-005400_77723/checkpoint-729.tar 
[rl_agents.trainer.evaluation:INFO] Episode 730 score: 7.0 
[rl_agents.trainer.evaluation:INFO] Episode 731 score: 5.6 
[rl_agents.trainer.evaluation:INFO] Episode 732 score: -2.4 
[rl_agents.trainer.evaluation:INFO] Episode 733 score: -2.4 
[rl_agents.trainer.evaluation:INFO] Episode 734 score: 0.0 
[rl_agents.trainer.evaluation:INFO] Episode 735 score: 2.6 
[rl_agents.trainer.evaluation:INFO] Episode 736 score: 9.0 
[rl_agents.trainer.evaluation:INFO] Episode 737 score: 7.9 
[rl_agents.trainer.evaluation:INFO] Episode 738 score: 3.2 
[rl_agents.trainer.evaluation:INFO] Episode 739 score: -1.4 
[rl_agents.trainer.evaluation:INFO] Episode 740 score: -2.6 
[rl_agents.trainer.evaluation:INFO] Episode 741 score: 5.5 
[rl_agents.trainer.evaluation:INFO] Episode 742 score: 1.0 
[rl_agents.trainer.evaluation:INFO] Episode 743 score: -1.0 
[rl_agents.trainer.evaluation:INFO] Episode 744 score: -2.4 
[rl_agents.trainer.evaluation:INFO] Episode 745 score: 8.6 
[rl_agents.trainer.evaluation:INFO] Episode 746 score: 8.6 
[rl_agents.trainer.evaluation:INFO] Episode 747 score: 7.0 
[rl_agents.trainer.evaluation:INFO] Episode 748 score: -1.4 
[rl_agents.trainer.evaluation:INFO] Episode 749 score: -1.7 
[rl_agents.trainer.evaluation:INFO] Episode 750 score: 4.5 
[rl_agents.trainer.evaluation:INFO] Episode 751 score: 0.0 
[rl_agents.trainer.evaluation:INFO] Episode 752 score: -1.0 
[rl_agents.trainer.evaluation:INFO] Episode 753 score: 0.0 
[rl_agents.trainer.evaluation:INFO] Episode 754 score: 7.6 
[rl_agents.trainer.evaluation:INFO] Episode 755 score: -1.4 
[rl_agents.trainer.evaluation:INFO] Episode 756 score: 8.6 
[rl_agents.trainer.evaluation:INFO] Episode 757 score: 9.0 
[rl_agents.trainer.evaluation:INFO] Episode 758 score: 1.0 
[rl_agents.trainer.evaluation:INFO] Episode 759 score: 8.6 
[rl_agents.trainer.evaluation:INFO] Episode 760 score: 8.7 
[rl_agents.trainer.evaluation:INFO] Episode 761 score: -2.4 
[rl_agents.trainer.evaluation:INFO] Episode 762 score: -2.4 
[rl_agents.trainer.evaluation:INFO] Episode 763 score: -2.0 
[rl_agents.trainer.evaluation:INFO] Episode 764 score: 6.6 
[rl_agents.trainer.evaluation:INFO] Episode 765 score: -1.4 
[rl_agents.trainer.evaluation:INFO] Episode 766 score: 6.2 
[rl_agents.trainer.evaluation:INFO] Episode 767 score: 2.6 
[rl_agents.trainer.evaluation:INFO] Episode 768 score: 4.0 
[rl_agents.trainer.evaluation:INFO] Episode 769 score: -0.4 
[rl_agents.trainer.evaluation:INFO] Episode 770 score: 6.3 
[rl_agents.trainer.evaluation:INFO] Episode 771 score: 6.6 
[rl_agents.trainer.evaluation:INFO] Episode 772 score: 7.6 
[rl_agents.trainer.evaluation:INFO] Episode 773 score: -2.3 
[rl_agents.trainer.evaluation:INFO] Episode 774 score: 6.4 
[rl_agents.trainer.evaluation:INFO] Episode 775 score: 7.1 
[rl_agents.trainer.evaluation:INFO] Saved DQNAgent model to ../../output/intersection-v0/ego-attention/run_20251221-005400_77723/checkpoint-best.tar 
[rl_agents.trainer.evaluation:INFO] Episode 776 score: 4.6 
[rl_agents.trainer.evaluation:INFO] Episode 777 score: 0.0 
[rl_agents.trainer.evaluation:INFO] Episode 778 score: 7.1 
[rl_agents.trainer.evaluation:INFO] Episode 779 score: 0.0 
[rl_agents.trainer.evaluation:INFO] Episode 780 score: -2.0 
[rl_agents.trainer.evaluation:INFO] Episode 781 score: 5.6 
[rl_agents.trainer.evaluation:INFO] Episode 782 score: 9.0 
[rl_agents.trainer.evaluation:INFO] Episode 783 score: 0.0 
[rl_agents.trainer.evaluation:INFO] Episode 784 score: 2.0 
[rl_agents.trainer.evaluation:INFO] Episode 785 score: 7.6 
[rl_agents.trainer.evaluation:INFO] Episode 786 score: -5.0 
[rl_agents.trainer.evaluation:INFO] Episode 787 score: -2.0 
[rl_agents.trainer.evaluation:INFO] Episode 788 score: 8.5 
[rl_agents.trainer.evaluation:INFO] Episode 789 score: 1.6 
[rl_agents.trainer.evaluation:INFO] Episode 790 score: -2.4 
[rl_agents.trainer.evaluation:INFO] Episode 791 score: -2.4 
[rl_agents.trainer.evaluation:INFO] Episode 792 score: -3.3 
[rl_agents.trainer.evaluation:INFO] Episode 793 score: 10.0 
[rl_agents.trainer.evaluation:INFO] Episode 794 score: -0.3 
[rl_agents.trainer.evaluation:INFO] Episode 795 score: 0.7 
[rl_agents.trainer.evaluation:INFO] Episode 796 score: 7.5 
[rl_agents.trainer.evaluation:INFO] Episode 797 score: 0.6 
[rl_agents.trainer.evaluation:INFO] Episode 798 score: 3.2 
[rl_agents.trainer.evaluation:INFO] Episode 799 score: -1.0 
[rl_agents.trainer.evaluation:INFO] Episode 800 score: 0.0 
[rl_agents.trainer.evaluation:INFO] Episode 801 score: -2.4 
[rl_agents.trainer.evaluation:INFO] Episode 802 score: 9.0 
[rl_agents.trainer.evaluation:INFO] Episode 803 score: 9.0 
[rl_agents.trainer.evaluation:INFO] Episode 804 score: 7.6 
[rl_agents.trainer.evaluation:INFO] Episode 805 score: -0.4 
[rl_agents.trainer.evaluation:INFO] Episode 806 score: -1.4 
[rl_agents.trainer.evaluation:INFO] Episode 807 score: -1.4 
[rl_agents.trainer.evaluation:INFO] Episode 808 score: 1.0 
[rl_agents.trainer.evaluation:INFO] Episode 809 score: -1.3 
[rl_agents.trainer.evaluation:INFO] Episode 810 score: 8.6 
[rl_agents.trainer.evaluation:INFO] Episode 811 score: 8.6 
[rl_agents.trainer.evaluation:INFO] Episode 812 score: -2.3 
[rl_agents.trainer.evaluation:INFO] Episode 813 score: -1.4 
[rl_agents.trainer.evaluation:INFO] Episode 814 score: 9.0 
[rl_agents.trainer.evaluation:INFO] Episode 815 score: 7.2 
[rl_agents.trainer.evaluation:INFO] Episode 816 score: -1.4 
[rl_agents.trainer.evaluation:INFO] Episode 817 score: -1.0 
[rl_agents.trainer.evaluation:INFO] Episode 818 score: -1.3 
[rl_agents.trainer.evaluation:INFO] Episode 819 score: 2.0 
[rl_agents.trainer.evaluation:INFO] Episode 820 score: -1.4 
[rl_agents.trainer.evaluation:INFO] Episode 821 score: -3.0 
[rl_agents.trainer.evaluation:INFO] Episode 822 score: -2.4 
[rl_agents.trainer.evaluation:INFO] Episode 823 score: -1.0 
[rl_agents.trainer.evaluation:INFO] Episode 824 score: -2.0 
[rl_agents.trainer.evaluation:INFO] Episode 825 score: -0.8 
[rl_agents.trainer.evaluation:INFO] Episode 826 score: 8.6 
[rl_agents.trainer.evaluation:INFO] Episode 827 score: 3.0 
[rl_agents.trainer.evaluation:INFO] Episode 828 score: 3.6 
[rl_agents.trainer.evaluation:INFO] Episode 829 score: -0.7 
[rl_agents.trainer.evaluation:INFO] Episode 830 score: -4.0 
[rl_agents.trainer.evaluation:INFO] Episode 831 score: -1.0 
[rl_agents.trainer.evaluation:INFO] Episode 832 score: 0.5 
[rl_agents.trainer.evaluation:INFO] Episode 833 score: 1.6 
[rl_agents.trainer.evaluation:INFO] Episode 834 score: -2.5 
[rl_agents.trainer.evaluation:INFO] Episode 835 score: -0.4 
[rl_agents.trainer.evaluation:INFO] Episode 836 score: 7.5 
[rl_agents.trainer.evaluation:INFO] Episode 837 score: -2.7 
[rl_agents.trainer.evaluation:INFO] Episode 838 score: -2.0 
[rl_agents.trainer.evaluation:INFO] Episode 839 score: 7.6 
[rl_agents.trainer.evaluation:INFO] Episode 840 score: 7.7 
[rl_agents.trainer.evaluation:INFO] Episode 841 score: 5.6 
[rl_agents.trainer.evaluation:INFO] Episode 842 score: 8.6 
[rl_agents.trainer.evaluation:INFO] Episode 843 score: -2.3 
[rl_agents.trainer.evaluation:INFO] Episode 844 score: 6.5 
[rl_agents.trainer.evaluation:INFO] Episode 845 score: 1.0 
[rl_agents.trainer.evaluation:INFO] Episode 846 score: 0.0 
[rl_agents.trainer.evaluation:INFO] Episode 847 score: -1.0 
[rl_agents.trainer.evaluation:INFO] Episode 848 score: 10.0 
[rl_agents.trainer.evaluation:INFO] Episode 849 score: -1.3 
[rl_agents.trainer.evaluation:INFO] Episode 850 score: 6.6 
[rl_agents.trainer.evaluation:INFO] Episode 851 score: 8.2 
[rl_agents.trainer.evaluation:INFO] Episode 852 score: 8.6 
[rl_agents.trainer.evaluation:INFO] Episode 853 score: -2.0 
[rl_agents.trainer.evaluation:INFO] Episode 854 score: 4.5 
[rl_agents.trainer.evaluation:INFO] Episode 855 score: 8.6 
[rl_agents.trainer.evaluation:INFO] Episode 856 score: 1.5 
[rl_agents.trainer.evaluation:INFO] Episode 857 score: -0.5 
[rl_agents.trainer.evaluation:INFO] Episode 858 score: 8.3 
[rl_agents.trainer.evaluation:INFO] Episode 859 score: -1.7 
[rl_agents.trainer.evaluation:INFO] Episode 860 score: -4.3 
[rl_agents.trainer.evaluation:INFO] Episode 861 score: -1.4 
[rl_agents.trainer.evaluation:INFO] Episode 862 score: 7.0 
[rl_agents.trainer.evaluation:INFO] Episode 863 score: 7.5 
[rl_agents.trainer.evaluation:INFO] Episode 864 score: 7.5 
[rl_agents.trainer.evaluation:INFO] Episode 865 score: 4.1 
[rl_agents.trainer.evaluation:INFO] Episode 866 score: 5.5 
[rl_agents.trainer.evaluation:INFO] Episode 867 score: 8.6 
[rl_agents.trainer.evaluation:INFO] Episode 868 score: -1.0 
[rl_agents.trainer.evaluation:INFO] Episode 869 score: 7.6 
[rl_agents.trainer.evaluation:INFO] Episode 870 score: -1.4 
[rl_agents.trainer.evaluation:INFO] Episode 871 score: 0.0 
[rl_agents.trainer.evaluation:INFO] Episode 872 score: -2.0 
[rl_agents.trainer.evaluation:INFO] Episode 873 score: -2.7 
[rl_agents.trainer.evaluation:INFO] Episode 874 score: 4.3 
[rl_agents.trainer.evaluation:INFO] Episode 875 score: 1.0 
[rl_agents.trainer.evaluation:INFO] Episode 876 score: -1.4 
[rl_agents.trainer.evaluation:INFO] Episode 877 score: 9.0 
[rl_agents.trainer.evaluation:INFO] Episode 878 score: 7.3 
[rl_agents.trainer.evaluation:INFO] Episode 879 score: -1.0 
[rl_agents.trainer.evaluation:INFO] Episode 880 score: -1.0 
[rl_agents.trainer.evaluation:INFO] Episode 881 score: -1.4 
[rl_agents.trainer.evaluation:INFO] Episode 882 score: 10.0 
[rl_agents.trainer.evaluation:INFO] Episode 883 score: 7.5 
[rl_agents.trainer.evaluation:INFO] Episode 884 score: 6.9 
[rl_agents.trainer.evaluation:INFO] Episode 885 score: -2.0 
[rl_agents.trainer.evaluation:INFO] Episode 886 score: 7.3 
[rl_agents.trainer.evaluation:INFO] Episode 887 score: 7.1 
[rl_agents.trainer.evaluation:INFO] Episode 888 score: -2.0 
[rl_agents.trainer.evaluation:INFO] Episode 889 score: 3.5 
[rl_agents.trainer.evaluation:INFO] Episode 890 score: 7.5 
[rl_agents.trainer.evaluation:INFO] Episode 891 score: 9.0 
[rl_agents.trainer.evaluation:INFO] Episode 892 score: -1.4 
[rl_agents.trainer.evaluation:INFO] Episode 893 score: 0.0 
[rl_agents.trainer.evaluation:INFO] Episode 894 score: -2.0 
[rl_agents.trainer.evaluation:INFO] Episode 895 score: -1.4 
[rl_agents.trainer.evaluation:INFO] Episode 896 score: 6.1 
[rl_agents.trainer.evaluation:INFO] Episode 897 score: 0.0 
[rl_agents.trainer.evaluation:INFO] Episode 898 score: -2.4 
[rl_agents.trainer.evaluation:INFO] Episode 899 score: 8.6 
[rl_agents.trainer.evaluation:INFO] Episode 900 score: 4.2 
[rl_agents.trainer.evaluation:INFO] Episode 901 score: 3.5 
[rl_agents.trainer.evaluation:INFO] Episode 902 score: -1.0 
[rl_agents.trainer.evaluation:INFO] Episode 903 score: 5.7 
[rl_agents.trainer.evaluation:INFO] Episode 904 score: 7.6 
[rl_agents.trainer.evaluation:INFO] Episode 905 score: 1.2 
[rl_agents.trainer.evaluation:INFO] Episode 906 score: 5.6 
[rl_agents.trainer.evaluation:INFO] Episode 907 score: 0.0 
[rl_agents.trainer.evaluation:INFO] Episode 908 score: 8.7 
[rl_agents.trainer.evaluation:INFO] Episode 909 score: 7.6 
[rl_agents.trainer.evaluation:INFO] Episode 910 score: 0.0 
[rl_agents.trainer.evaluation:INFO] Episode 911 score: 0.0 
[rl_agents.trainer.evaluation:INFO] Episode 912 score: 5.5 
[rl_agents.trainer.evaluation:INFO] Episode 913 score: 6.1 
[rl_agents.trainer.evaluation:INFO] Episode 914 score: -1.0 
[rl_agents.trainer.evaluation:INFO] Episode 915 score: -2.0 
[rl_agents.trainer.evaluation:INFO] Episode 916 score: 1.0 
[rl_agents.trainer.evaluation:INFO] Episode 917 score: -2.0 
[rl_agents.trainer.evaluation:INFO] Episode 918 score: 6.3 
[rl_agents.trainer.evaluation:INFO] Episode 919 score: -1.0 
[rl_agents.trainer.evaluation:INFO] Episode 920 score: 6.5 
[rl_agents.trainer.evaluation:INFO] Episode 921 score: 7.6 
[rl_agents.trainer.evaluation:INFO] Episode 922 score: 9.0 
[rl_agents.trainer.evaluation:INFO] Episode 923 score: 5.5 
[rl_agents.trainer.evaluation:INFO] Episode 924 score: 0.0 
[rl_agents.trainer.evaluation:INFO] Episode 925 score: 1.2 
[rl_agents.trainer.evaluation:INFO] Episode 926 score: -1.4 
[rl_agents.trainer.evaluation:INFO] Episode 927 score: 4.1 
[rl_agents.trainer.evaluation:INFO] Episode 928 score: -2.7 
[rl_agents.trainer.evaluation:INFO] Episode 929 score: -2.4 
[rl_agents.trainer.evaluation:INFO] Episode 930 score: 5.8 
[rl_agents.trainer.evaluation:INFO] Episode 931 score: 3.2 
[rl_agents.trainer.evaluation:INFO] Episode 932 score: -1.3 
[rl_agents.trainer.evaluation:INFO] Episode 933 score: 5.7 
[rl_agents.trainer.evaluation:INFO] Episode 934 score: 6.2 
[rl_agents.trainer.evaluation:INFO] Episode 935 score: 0.0 
[rl_agents.trainer.evaluation:INFO] Episode 936 score: -3.0 
[rl_agents.trainer.evaluation:INFO] Episode 937 score: 8.6 
[rl_agents.trainer.evaluation:INFO] Episode 938 score: 0.0 
[rl_agents.trainer.evaluation:INFO] Episode 939 score: 8.0 
[rl_agents.trainer.evaluation:INFO] Episode 940 score: -1.3 
[rl_agents.trainer.evaluation:INFO] Episode 941 score: 10.0 
[rl_agents.trainer.evaluation:INFO] Episode 942 score: -1.0 
[rl_agents.trainer.evaluation:INFO] Episode 943 score: 7.5 
[rl_agents.trainer.evaluation:INFO] Episode 944 score: 9.0 
[rl_agents.trainer.evaluation:INFO] Episode 945 score: 5.9 
[rl_agents.trainer.evaluation:INFO] Episode 946 score: -0.3 
[rl_agents.trainer.evaluation:INFO] Episode 947 score: -2.4 
[rl_agents.trainer.evaluation:INFO] Episode 948 score: 3.9 
[rl_agents.trainer.evaluation:INFO] Episode 949 score: 0.0 
[rl_agents.trainer.evaluation:INFO] Episode 950 score: -1.6 
[rl_agents.trainer.evaluation:INFO] Episode 951 score: -1.5 
[rl_agents.trainer.evaluation:INFO] Episode 952 score: -2.7 
[rl_agents.trainer.evaluation:INFO] Episode 953 score: 8.2 
[rl_agents.trainer.evaluation:INFO] Episode 954 score: 1.0 
[rl_agents.trainer.evaluation:INFO] Episode 955 score: 3.2 
[rl_agents.trainer.evaluation:INFO] Episode 956 score: 0.6 
[rl_agents.trainer.evaluation:INFO] Episode 957 score: 10.0 
[rl_agents.trainer.evaluation:INFO] Episode 958 score: 8.6 
[rl_agents.trainer.evaluation:INFO] Episode 959 score: 5.6 
[rl_agents.trainer.evaluation:INFO] Episode 960 score: -1.4 
[rl_agents.trainer.evaluation:INFO] Episode 961 score: 7.6 
[rl_agents.trainer.evaluation:INFO] Episode 962 score: -1.4 
[rl_agents.trainer.evaluation:INFO] Episode 963 score: 7.6 
[rl_agents.trainer.evaluation:INFO] Episode 964 score: -2.5 
[rl_agents.trainer.evaluation:INFO] Episode 965 score: 8.6 
[rl_agents.trainer.evaluation:INFO] Episode 966 score: 7.6 
[rl_agents.trainer.evaluation:INFO] Episode 967 score: 8.6 
[rl_agents.trainer.evaluation:INFO] Episode 968 score: 1.0 
[rl_agents.trainer.evaluation:INFO] Episode 969 score: -0.4 
[rl_agents.trainer.evaluation:INFO] Episode 970 score: 2.0 
[rl_agents.trainer.evaluation:INFO] Episode 971 score: -2.3 
[rl_agents.trainer.evaluation:INFO] Episode 972 score: -1.0 
[rl_agents.trainer.evaluation:INFO] Episode 973 score: 7.3 
[rl_agents.trainer.evaluation:INFO] Episode 974 score: 2.0 
[rl_agents.trainer.evaluation:INFO] Episode 975 score: 5.5 
[rl_agents.trainer.evaluation:INFO] Episode 976 score: -1.4 
[rl_agents.trainer.evaluation:INFO] Episode 977 score: -1.4 
[rl_agents.trainer.evaluation:INFO] Episode 978 score: 10.0 
[rl_agents.trainer.evaluation:INFO] Episode 979 score: 7.3 
[rl_agents.trainer.evaluation:INFO] Episode 980 score: 7.3 
[rl_agents.trainer.evaluation:INFO] Episode 981 score: 7.6 
[rl_agents.trainer.evaluation:INFO] Saved DQNAgent model to ../../output/intersection-v0/ego-attention/run_20251221-005400_77723/checkpoint-best.tar 
[rl_agents.trainer.evaluation:INFO] Episode 982 score: 0.0 
[rl_agents.trainer.evaluation:INFO] Episode 983 score: 2.6 
[rl_agents.trainer.evaluation:INFO] Episode 984 score: 9.0 
[rl_agents.trainer.evaluation:INFO] Episode 985 score: 0.0 
[rl_agents.trainer.evaluation:INFO] Episode 986 score: 0.0 
[rl_agents.trainer.evaluation:INFO] Episode 987 score: 0.0 
[rl_agents.trainer.evaluation:INFO] Episode 988 score: -1.0 
[rl_agents.trainer.evaluation:INFO] Episode 989 score: 7.3 
[rl_agents.trainer.evaluation:INFO] Episode 990 score: -1.0 
[rl_agents.trainer.evaluation:INFO] Episode 991 score: -2.3 
[rl_agents.trainer.evaluation:INFO] Episode 992 score: 0.0 
[rl_agents.trainer.evaluation:INFO] Episode 993 score: 8.6 
[rl_agents.trainer.evaluation:INFO] Episode 994 score: 9.0 
[rl_agents.trainer.evaluation:INFO] Episode 995 score: -1.4 
[rl_agents.trainer.evaluation:INFO] Episode 996 score: 8.0 
[rl_agents.trainer.evaluation:INFO] Episode 997 score: 1.0 
[rl_agents.trainer.evaluation:INFO] Episode 998 score: 3.1 
[rl_agents.trainer.evaluation:INFO] Episode 999 score: 8.0 
[rl_agents.trainer.evaluation:INFO] Saved DQNAgent model to ../../output/intersection-v0/ego-attention/run_20251221-005400_77723/checkpoint-final.tar 
